[34;21m2025-07-17 20:20:46 - INFO - Starting GleamVideo Enhanced on 0.0.0.0:8000[0m
[34;21m2025-07-17 20:20:46 - INFO - GleamVideo Enhanced starting up...[0m
[33;21m2025-07-17 20:20:46 - WARNING - ⚠ ffmpeg is not available - some features may not work[0m
[33;21m2025-07-17 20:20:46 - WARNING - ⚠ ffprobe is not available - some features may not work[0m
[34;21m2025-07-17 20:20:46 - INFO - ✓ Kokoro TTS is available[0m
[34;21m2025-07-17 20:20:46 - INFO - 🚀 GleamVideo Enhanced ready![0m
[34;21m2025-07-17 20:22:10 - INFO - Shutting down GleamVideo Enhanced...[0m
[34;21m2025-07-17 20:22:10 - INFO - 👋 GleamVideo Enhanced shut down complete[0m
[34;21m2025-07-17 20:22:21 - INFO - Starting GleamVideo Enhanced on 0.0.0.0:8000[0m
[34;21m2025-07-17 20:22:21 - INFO - GleamVideo Enhanced starting up...[0m
[33;21m2025-07-17 20:22:21 - WARNING - ⚠ ffmpeg is not available - some features may not work[0m
[33;21m2025-07-17 20:22:21 - WARNING - ⚠ ffprobe is not available - some features may not work[0m
[34;21m2025-07-17 20:22:21 - INFO - ✓ Kokoro TTS is available[0m
[34;21m2025-07-17 20:22:21 - INFO - 🚀 GleamVideo Enhanced ready![0m
[34;21m2025-07-17 20:24:35 - INFO - Shutting down GleamVideo Enhanced...[0m
[34;21m2025-07-17 20:24:35 - INFO - 👋 GleamVideo Enhanced shut down complete[0m
[34;21m2025-07-17 20:24:38 - INFO - Starting GleamVideo Enhanced on 0.0.0.0:8000[0m
[34;21m2025-07-17 20:24:38 - INFO - GleamVideo Enhanced starting up...[0m
[33;21m2025-07-17 20:24:38 - WARNING - ⚠ ffmpeg is not available - some features may not work[0m
[33;21m2025-07-17 20:24:38 - WARNING - ⚠ ffprobe is not available - some features may not work[0m
[34;21m2025-07-17 20:24:38 - INFO - ✓ Kokoro TTS is available[0m
[34;21m2025-07-17 20:24:38 - INFO - 🚀 GleamVideo Enhanced ready![0m
[31;21m2025-07-17 20:24:43 - ERROR - Error starting auto mode: 'Request' object has no attribute 'interval_hours'[0m
[34;21m2025-07-17 20:24:43 - INFO - Auto mode stopped[0m
[34;21m2025-07-17 20:24:43 - INFO - Progress: working - Auto mode: Fetching trending topics... (5%)[0m
[33;21m2025-07-17 20:24:43 - WARNING - No topics found from RSS feeds[0m
[34;21m2025-07-17 20:25:30 - INFO - Shutting down GleamVideo Enhanced...[0m
[34;21m2025-07-17 20:25:30 - INFO - 👋 GleamVideo Enhanced shut down complete[0m
[34;21m2025-07-17 20:25:35 - INFO - Starting GleamVideo Enhanced on 0.0.0.0:8000[0m
[34;21m2025-07-17 20:25:35 - INFO - GleamVideo Enhanced starting up...[0m
[33;21m2025-07-17 20:25:35 - WARNING - ⚠ ffmpeg is not available - some features may not work[0m
[33;21m2025-07-17 20:25:35 - WARNING - ⚠ ffprobe is not available - some features may not work[0m
[34;21m2025-07-17 20:25:35 - INFO - ✓ Kokoro TTS is available[0m
[34;21m2025-07-17 20:25:35 - INFO - 🚀 GleamVideo Enhanced ready![0m
[34;21m2025-07-17 20:27:25 - INFO - Shutting down GleamVideo Enhanced...[0m
[34;21m2025-07-17 20:27:25 - INFO - 👋 GleamVideo Enhanced shut down complete[0m
[34;21m2025-07-17 20:27:30 - INFO - Starting GleamVideo Enhanced on 0.0.0.0:8000[0m
[34;21m2025-07-17 20:27:30 - INFO - GleamVideo Enhanced starting up...[0m
[33;21m2025-07-17 20:27:30 - WARNING - ⚠ ffmpeg is not available - some features may not work[0m
[33;21m2025-07-17 20:27:30 - WARNING - ⚠ ffprobe is not available - some features may not work[0m
[34;21m2025-07-17 20:27:30 - INFO - ✓ Kokoro TTS is available[0m
[34;21m2025-07-17 20:27:30 - INFO - 🚀 GleamVideo Enhanced ready![0m
[34;21m2025-07-17 20:27:41 - INFO - Shutting down GleamVideo Enhanced...[0m
[34;21m2025-07-17 20:27:41 - INFO - 👋 GleamVideo Enhanced shut down complete[0m
[34;21m2025-07-17 20:27:48 - INFO - Starting GleamVideo Enhanced on 0.0.0.0:8000[0m
[34;21m2025-07-17 20:27:48 - INFO - GleamVideo Enhanced starting up...[0m
[33;21m2025-07-17 20:27:48 - WARNING - ⚠ ffmpeg is not available - some features may not work[0m
[33;21m2025-07-17 20:27:48 - WARNING - ⚠ ffprobe is not available - some features may not work[0m
[34;21m2025-07-17 20:27:48 - INFO - ✓ Kokoro TTS is available[0m
[34;21m2025-07-17 20:27:48 - INFO - 🚀 GleamVideo Enhanced ready![0m
[34;21m2025-07-17 20:28:13 - INFO - Shutting down GleamVideo Enhanced...[0m
[34;21m2025-07-17 20:28:13 - INFO - 👋 GleamVideo Enhanced shut down complete[0m
[34;21m2025-07-17 20:28:14 - INFO - Starting GleamVideo Enhanced on 0.0.0.0:8000[0m
[34;21m2025-07-17 20:28:14 - INFO - GleamVideo Enhanced starting up...[0m
[33;21m2025-07-17 20:28:14 - WARNING - ⚠ ffmpeg is not available - some features may not work[0m
[33;21m2025-07-17 20:28:14 - WARNING - ⚠ ffprobe is not available - some features may not work[0m
[34;21m2025-07-17 20:28:14 - INFO - ✓ Kokoro TTS is available[0m
[34;21m2025-07-17 20:28:14 - INFO - 🚀 GleamVideo Enhanced ready![0m
